
R version 3.6.0 (2019-04-26) -- "Planting of a Tree"
Copyright (C) 2019 The R Foundation for Statistical Computing
Platform: x86_64-pc-linux-gnu (64-bit)

R is free software and comes with ABSOLUTELY NO WARRANTY.
You are welcome to redistribute it under certain conditions.
Type 'license()' or 'licence()' for distribution details.

  Natural language support but running in an English locale

R is a collaborative project with many contributors.
Type 'contributors()' for more information and
'citation()' on how to cite R or R packages in publications.

Type 'demo()' for some demos, 'help()' for on-line help, or
'help.start()' for an HTML browser interface to help.
Type 'q()' to quit R.

> ##### Load libraries
> 
> library(gdsfmt)
Warning message:
package ‘gdsfmt’ was built under R version 3.6.2 
> library(SNPRelate)
SNPRelate -- supported by Streaming SIMD Extensions 2 (SSE2)
Warning message:
package ‘SNPRelate’ was built under R version 3.6.2 
> library(ggplot2)
> library(RColorBrewer)
> 
> ##### Set working directory?
> todaysdate=format(Sys.Date(),format="%Y%m%d")
> calldate=20200410
> setwd("/u/scratch/d/dechavez/rails.project/bams/Daniel.2020/bam/VCF")
> 
> # def variables --------
> args = commandArgs(trailingOnly=TRUE)
> sample = as.character(args[1])
> 
> 
> ##### Specify VCF filename
> 
> vcf.fn <- paste("Reheader_",sample,"_FastqToSam.bam_Aligned.MarkDup_Filtered_passingSNPs.vcf",sep="")
> 
> ##### Convert VCF to GDS format
> 
> snpgdsVCF2GDS(vcf.fn, paste("Reheader_",sample,"_FastqToSam.bam_Aligned.MarkDup_Filtered_passingSNPs.gds",sep=""), method="biallelic.only")
Start file conversion from VCF to SNP GDS ...
Method: exacting biallelic SNPs
Error in file(filename, "rt") : cannot open the connection
Calls: snpgdsVCF2GDS -> VCF_SampID -> .OpenConnText -> file
In addition: Warning message:
In file(filename, "rt") :
  cannot open file 'Reheader_NA_FastqToSam.bam_Aligned.MarkDup_Filtered_passingSNPs.vcf': No such file or directory
Execution halted
